Archive member included to satisfy reference by file (symbol)

/opt/st/stm32cubeide_1.5.1/plugins/com.st.stm32cube.ide.mcu.externaltools.gnu-tools-for-stm32.7-2018-q2-update.linux64_1.5.0.202011040924/tools/bin/../lib/gcc/arm-none-eabi/7.3.1/../../../../arm-none-eabi/lib/thumb/v7e-m/fpv4-sp/hard/libc_nano.a(lib_a-errno.o)
                              Core/Src/syscalls.o (__errno)
/opt/st/stm32cubeide_1.5.1/plugins/com.st.stm32cube.ide.mcu.externaltools.gnu-tools-for-stm32.7-2018-q2-update.linux64_1.5.0.202011040924/tools/bin/../lib/gcc/arm-none-eabi/7.3.1/../../../../arm-none-eabi/lib/thumb/v7e-m/fpv4-sp/hard/libc_nano.a(lib_a-exit.o)
                              /opt/st/stm32cubeide_1.5.1/plugins/com.st.stm32cube.ide.mcu.externaltools.gnu-tools-for-stm32.7-2018-q2-update.linux64_1.5.0.202011040924/tools/bin/../lib/gcc/arm-none-eabi/7.3.1/../../../../arm-none-eabi/lib/thumb/v7e-m/fpv4-sp/hard/crt0.o (exit)
/opt/st/stm32cubeide_1.5.1/plugins/com.st.stm32cube.ide.mcu.externaltools.gnu-tools-for-stm32.7-2018-q2-update.linux64_1.5.0.202011040924/tools/bin/../lib/gcc/arm-none-eabi/7.3.1/../../../../arm-none-eabi/lib/thumb/v7e-m/fpv4-sp/hard/libc_nano.a(lib_a-impure.o)
                              /opt/st/stm32cubeide_1.5.1/plugins/com.st.stm32cube.ide.mcu.externaltools.gnu-tools-for-stm32.7-2018-q2-update.linux64_1.5.0.202011040924/tools/bin/../lib/gcc/arm-none-eabi/7.3.1/../../../../arm-none-eabi/lib/thumb/v7e-m/fpv4-sp/hard/libc_nano.a(lib_a-exit.o) (_global_impure_ptr)
/opt/st/stm32cubeide_1.5.1/plugins/com.st.stm32cube.ide.mcu.externaltools.gnu-tools-for-stm32.7-2018-q2-update.linux64_1.5.0.202011040924/tools/bin/../lib/gcc/arm-none-eabi/7.3.1/../../../../arm-none-eabi/lib/thumb/v7e-m/fpv4-sp/hard/libc_nano.a(lib_a-init.o)
                              /opt/st/stm32cubeide_1.5.1/plugins/com.st.stm32cube.ide.mcu.externaltools.gnu-tools-for-stm32.7-2018-q2-update.linux64_1.5.0.202011040924/tools/bin/../lib/gcc/arm-none-eabi/7.3.1/../../../../arm-none-eabi/lib/thumb/v7e-m/fpv4-sp/hard/crt0.o (__libc_init_array)
/opt/st/stm32cubeide_1.5.1/plugins/com.st.stm32cube.ide.mcu.externaltools.gnu-tools-for-stm32.7-2018-q2-update.linux64_1.5.0.202011040924/tools/bin/../lib/gcc/arm-none-eabi/7.3.1/../../../../arm-none-eabi/lib/thumb/v7e-m/fpv4-sp/hard/libc_nano.a(lib_a-memcpy-stub.o)
                              FreeRTOS/queue.o (memcpy)
/opt/st/stm32cubeide_1.5.1/plugins/com.st.stm32cube.ide.mcu.externaltools.gnu-tools-for-stm32.7-2018-q2-update.linux64_1.5.0.202011040924/tools/bin/../lib/gcc/arm-none-eabi/7.3.1/../../../../arm-none-eabi/lib/thumb/v7e-m/fpv4-sp/hard/libc_nano.a(lib_a-memset.o)
                              /opt/st/stm32cubeide_1.5.1/plugins/com.st.stm32cube.ide.mcu.externaltools.gnu-tools-for-stm32.7-2018-q2-update.linux64_1.5.0.202011040924/tools/bin/../lib/gcc/arm-none-eabi/7.3.1/../../../../arm-none-eabi/lib/thumb/v7e-m/fpv4-sp/hard/crt0.o (memset)
/opt/st/stm32cubeide_1.5.1/plugins/com.st.stm32cube.ide.mcu.externaltools.gnu-tools-for-stm32.7-2018-q2-update.linux64_1.5.0.202011040924/tools/bin/../lib/gcc/arm-none-eabi/7.3.1/thumb/v7e-m/fpv4-sp/hard/libgcc.a(_aeabi_uldivmod.o)
                              Drivers/STM32F4xx_HAL_Driver/Src/stm32f4xx_hal_rcc.o (__aeabi_uldivmod)
/opt/st/stm32cubeide_1.5.1/plugins/com.st.stm32cube.ide.mcu.externaltools.gnu-tools-for-stm32.7-2018-q2-update.linux64_1.5.0.202011040924/tools/bin/../lib/gcc/arm-none-eabi/7.3.1/thumb/v7e-m/fpv4-sp/hard/libgcc.a(_udivmoddi4.o)
                              /opt/st/stm32cubeide_1.5.1/plugins/com.st.stm32cube.ide.mcu.externaltools.gnu-tools-for-stm32.7-2018-q2-update.linux64_1.5.0.202011040924/tools/bin/../lib/gcc/arm-none-eabi/7.3.1/thumb/v7e-m/fpv4-sp/hard/libgcc.a(_aeabi_uldivmod.o) (__udivmoddi4)
/opt/st/stm32cubeide_1.5.1/plugins/com.st.stm32cube.ide.mcu.externaltools.gnu-tools-for-stm32.7-2018-q2-update.linux64_1.5.0.202011040924/tools/bin/../lib/gcc/arm-none-eabi/7.3.1/thumb/v7e-m/fpv4-sp/hard/libgcc.a(_dvmd_tls.o)
                              /opt/st/stm32cubeide_1.5.1/plugins/com.st.stm32cube.ide.mcu.externaltools.gnu-tools-for-stm32.7-2018-q2-update.linux64_1.5.0.202011040924/tools/bin/../lib/gcc/arm-none-eabi/7.3.1/thumb/v7e-m/fpv4-sp/hard/libgcc.a(_aeabi_uldivmod.o) (__aeabi_ldiv0)

Allocating common symbols
Common symbol       size              file

xButtonReturned     0x4               Core/Src/main.o
xLEDReturned1       0x4               Core/Src/main.o
xHandle2            0x4               Core/Src/main.o
uwTick              0x4               Drivers/STM32F4xx_HAL_Driver/Src/stm32f4xx_hal.o
xQueueRegistry      0x40              FreeRTOS/queue.o
pFlash              0x20              Drivers/STM32F4xx_HAL_Driver/Src/stm32f4xx_hal_flash.o
xHandle1            0x4               Core/Src/main.o
xLEDReturned2       0x4               Core/Src/main.o
htim6               0x40              Core/Src/stm32f4xx_hal_timebase_tim.o
xQueue1             0x4               Core/Src/main.o

Discarded input sections

[...]
Memory Configuration

Name             Origin             Length             Attributes
CCMRAM           0x0000000010000000 0x0000000000010000 xrw
RAM              0x0000000020000000 0x0000000000020000 xrw
FLASH            0x0000000008000000 0x0000000000100000 xr
*default*        0x0000000000000000 0xffffffffffffffff

Linker script and memory map

LOAD /opt/st/stm32cubeide_1.5.1/plugins/com.st.stm32cube.ide.mcu.externaltools.gnu-tools-for-stm32.7-2018-q2-update.linux64_1.5.0.202011040924/tools/bin/../lib/gcc/arm-none-eabi/7.3.1/thumb/v7e-m/fpv4-sp/hard/crti.o
LOAD /opt/st/stm32cubeide_1.5.1/plugins/com.st.stm32cube.ide.mcu.externaltools.gnu-tools-for-stm32.7-2018-q2-update.linux64_1.5.0.202011040924/tools/bin/../lib/gcc/arm-none-eabi/7.3.1/thumb/v7e-m/fpv4-sp/hard/crtbegin.o
LOAD /opt/st/stm32cubeide_1.5.1/plugins/com.st.stm32cube.ide.mcu.externaltools.gnu-tools-for-stm32.7-2018-q2-update.linux64_1.5.0.202011040924/tools/bin/../lib/gcc/arm-none-eabi/7.3.1/../../../../arm-none-eabi/lib/thumb/v7e-m/fpv4-sp/hard/crt0.o
LOAD Core/Src/main.o
LOAD Core/Src/stm32f4xx_hal_msp.o
LOAD Core/Src/stm32f4xx_hal_timebase_tim.o
LOAD Core/Src/stm32f4xx_it.o
LOAD Core/Src/syscalls.o
LOAD Core/Src/sysmem.o
LOAD Core/Src/system_stm32f4xx.o
LOAD Core/Startup/startup_stm32f407vgtx.o
LOAD Drivers/STM32F4xx_HAL_Driver/Src/stm32f4xx_hal.o
LOAD Drivers/STM32F4xx_HAL_Driver/Src/stm32f4xx_hal_cortex.o
LOAD Drivers/STM32F4xx_HAL_Driver/Src/stm32f4xx_hal_dma.o
LOAD Drivers/STM32F4xx_HAL_Driver/Src/stm32f4xx_hal_dma_ex.o
LOAD Drivers/STM32F4xx_HAL_Driver/Src/stm32f4xx_hal_exti.o
LOAD Drivers/STM32F4xx_HAL_Driver/Src/stm32f4xx_hal_flash.o
LOAD Drivers/STM32F4xx_HAL_Driver/Src/stm32f4xx_hal_flash_ex.o
LOAD Drivers/STM32F4xx_HAL_Driver/Src/stm32f4xx_hal_flash_ramfunc.o
LOAD Drivers/STM32F4xx_HAL_Driver/Src/stm32f4xx_hal_gpio.o
LOAD Drivers/STM32F4xx_HAL_Driver/Src/stm32f4xx_hal_pwr.o
LOAD Drivers/STM32F4xx_HAL_Driver/Src/stm32f4xx_hal_pwr_ex.o
LOAD Drivers/STM32F4xx_HAL_Driver/Src/stm32f4xx_hal_rcc.o
LOAD Drivers/STM32F4xx_HAL_Driver/Src/stm32f4xx_hal_rcc_ex.o
LOAD Drivers/STM32F4xx_HAL_Driver/Src/stm32f4xx_hal_tim.o
LOAD Drivers/STM32F4xx_HAL_Driver/Src/stm32f4xx_hal_tim_ex.o
LOAD FreeRTOS/croutine.o
LOAD FreeRTOS/event_groups.o
LOAD FreeRTOS/list.o
LOAD FreeRTOS/queue.o
LOAD FreeRTOS/stream_buffer.o
LOAD FreeRTOS/tasks.o
LOAD FreeRTOS/timers.o
LOAD FreeRTOS/portable/ARM_CM4F/port.o
LOAD FreeRTOS/portable/MemMang/heap_4.o
START GROUP
LOAD /opt/st/stm32cubeide_1.5.1/plugins/com.st.stm32cube.ide.mcu.externaltools.gnu-tools-for-stm32.7-2018-q2-update.linux64_1.5.0.202011040924/tools/bin/../lib/gcc/arm-none-eabi/7.3.1/../../../../arm-none-eabi/lib/thumb/v7e-m/fpv4-sp/hard/libc_nano.a
LOAD /opt/st/stm32cubeide_1.5.1/plugins/com.st.stm32cube.ide.mcu.externaltools.gnu-tools-for-stm32.7-2018-q2-update.linux64_1.5.0.202011040924/tools/bin/../lib/gcc/arm-none-eabi/7.3.1/../../../../arm-none-eabi/lib/thumb/v7e-m/fpv4-sp/hard/libm.a
END GROUP
START GROUP
LOAD /opt/st/stm32cubeide_1.5.1/plugins/com.st.stm32cube.ide.mcu.externaltools.gnu-tools-for-stm32.7-2018-q2-update.linux64_1.5.0.202011040924/tools/bin/../lib/gcc/arm-none-eabi/7.3.1/thumb/v7e-m/fpv4-sp/hard/libgcc.a
LOAD /opt/st/stm32cubeide_1.5.1/plugins/com.st.stm32cube.ide.mcu.externaltools.gnu-tools-for-stm32.7-2018-q2-update.linux64_1.5.0.202011040924/tools/bin/../lib/gcc/arm-none-eabi/7.3.1/../../../../arm-none-eabi/lib/thumb/v7e-m/fpv4-sp/hard/libc_nano.a
END GROUP
START GROUP
LOAD /opt/st/stm32cubeide_1.5.1/plugins/com.st.stm32cube.ide.mcu.externaltools.gnu-tools-for-stm32.7-2018-q2-update.linux64_1.5.0.202011040924/tools/bin/../lib/gcc/arm-none-eabi/7.3.1/thumb/v7e-m/fpv4-sp/hard/libgcc.a
LOAD /opt/st/stm32cubeide_1.5.1/plugins/com.st.stm32cube.ide.mcu.externaltools.gnu-tools-for-stm32.7-2018-q2-update.linux64_1.5.0.202011040924/tools/bin/../lib/gcc/arm-none-eabi/7.3.1/../../../../arm-none-eabi/lib/thumb/v7e-m/fpv4-sp/hard/libc_nano.a
LOAD /opt/st/stm32cubeide_1.5.1/plugins/com.st.stm32cube.ide.mcu.externaltools.gnu-tools-for-stm32.7-2018-q2-update.linux64_1.5.0.202011040924/tools/bin/../lib/gcc/arm-none-eabi/7.3.1/../../../../arm-none-eabi/lib/thumb/v7e-m/fpv4-sp/hard/libnosys.a
END GROUP
START GROUP
LOAD /opt/st/stm32cubeide_1.5.1/plugins/com.st.stm32cube.ide.mcu.externaltools.gnu-tools-for-stm32.7-2018-q2-update.linux64_1.5.0.202011040924/tools/bin/../lib/gcc/arm-none-eabi/7.3.1/thumb/v7e-m/fpv4-sp/hard/libgcc.a
LOAD /opt/st/stm32cubeide_1.5.1/plugins/com.st.stm32cube.ide.mcu.externaltools.gnu-tools-for-stm32.7-2018-q2-update.linux64_1.5.0.202011040924/tools/bin/../lib/gcc/arm-none-eabi/7.3.1/../../../../arm-none-eabi/lib/thumb/v7e-m/fpv4-sp/hard/libc_nano.a
LOAD /opt/st/stm32cubeide_1.5.1/plugins/com.st.stm32cube.ide.mcu.externaltools.gnu-tools-for-stm32.7-2018-q2-update.linux64_1.5.0.202011040924/tools/bin/../lib/gcc/arm-none-eabi/7.3.1/../../../../arm-none-eabi/lib/thumb/v7e-m/fpv4-sp/hard/libnosys.a
END GROUP
LOAD /opt/st/stm32cubeide_1.5.1/plugins/com.st.stm32cube.ide.mcu.externaltools.gnu-tools-for-stm32.7-2018-q2-update.linux64_1.5.0.202011040924/tools/bin/../lib/gcc/arm-none-eabi/7.3.1/thumb/v7e-m/fpv4-sp/hard/crtend.o
LOAD /opt/st/stm32cubeide_1.5.1/plugins/com.st.stm32cube.ide.mcu.externaltools.gnu-tools-for-stm32.7-2018-q2-update.linux64_1.5.0.202011040924/tools/bin/../lib/gcc/arm-none-eabi/7.3.1/thumb/v7e-m/fpv4-sp/hard/crtn.o
                0x0000000020020000                _estack = (ORIGIN (RAM) + LENGTH (RAM))
                0x0000000000000200                _Min_Heap_Size = 0x200
                0x0000000000000400                _Min_Stack_Size = 0x400

.isr_vector     0x0000000008000000      0x188
                0x0000000008000000                . = ALIGN (0x4)
 *(.isr_vector)
 .isr_vector    0x0000000008000000      0x188 Core/Startup/startup_stm32f407vgtx.o
                0x0000000008000000                g_pfnVectors
                0x0000000008000188                . = ALIGN (0x4)

.text           0x0000000008000190     0x4494
                0x0000000008000190                . = ALIGN (0x4)
 *(.text)
 .text          0x0000000008000190       0x40 /opt/st/stm32cubeide_1.5.1/plugins/com.st.stm32cube.ide.mcu.externaltools.gnu-tools-for-stm32.7-2018-q2-update.linux64_1.5.0.202011040924/tools/bin/../lib/gcc/arm-none-eabi/7.3.1/thumb/v7e-m/fpv4-sp/hard/crtbegin.o
 .text          0x00000000080001d0       0x30 /opt/st/stm32cubeide_1.5.1/plugins/com.st.stm32cube.ide.mcu.externaltools.gnu-tools-for-stm32.7-2018-q2-update.linux64_1.5.0.202011040924/tools/bin/../lib/gcc/arm-none-eabi/7.3.1/thumb/v7e-m/fpv4-sp/hard/libgcc.a(_aeabi_uldivmod.o)
                0x00000000080001d0                __aeabi_uldivmod
 .text          0x0000000008000200      0x2cc /opt/st/stm32cubeide_1.5.1/plugins/com.st.stm32cube.ide.mcu.externaltools.gnu-tools-for-stm32.7-2018-q2-update.linux64_1.5.0.202011040924/tools/bin/../lib/gcc/arm-none-eabi/7.3.1/thumb/v7e-m/fpv4-sp/hard/libgcc.a(_udivmoddi4.o)
                0x0000000008000200                __udivmoddi4
 .text          0x00000000080004cc        0x4 /opt/st/stm32cubeide_1.5.1/plugins/com.st.stm32cube.ide.mcu.externaltools.gnu-tools-for-stm32.7-2018-q2-update.linux64_1.5.0.202011040924/tools/bin/../lib/gcc/arm-none-eabi/7.3.1/thumb/v7e-m/fpv4-sp/hard/libgcc.a(_dvmd_tls.o)
                0x00000000080004cc                __aeabi_ldiv0
                0x00000000080004cc                __aeabi_idiv0
 *(.text*)
 .text.main     0x00000000080004d0       0xac Core/Src/main.o
                0x00000000080004d0                main
 .text.SystemClock_Config
                0x000000000800057c       0xbc Core/Src/main.o
                0x000000000800057c                SystemClock_Config
 .text.MX_GPIO_Init
                0x0000000008000638       0xa4 Core/Src/main.o
 .text.LEDTask_App1
                0x00000000080006dc       0x70 Core/Src/main.o
                0x00000000080006dc                LEDTask_App1
 .text.LEDTask_App2
                0x000000000800074c       0x60 Core/Src/main.o
                0x000000000800074c                LEDTask_App2
 .text.ButtonTask_App
                0x00000000080007ac       0xd8 Core/Src/main.o
                0x00000000080007ac                ButtonTask_App
 .text.HAL_TIM_PeriodElapsedCallback
                0x0000000008000884       0x24 Core/Src/main.o
                0x0000000008000884                HAL_TIM_PeriodElapsedCallback
 .text.Error_Handler
                0x00000000080008a8        0x8 Core/Src/main.o
                0x00000000080008a8                Error_Handler
 .text.HAL_MspInit
                0x00000000080008b0       0x50 Core/Src/stm32f4xx_hal_msp.o
                0x00000000080008b0                HAL_MspInit
 .text.HAL_InitTick
                0x0000000008000900       0xb0 Core/Src/stm32f4xx_hal_timebase_tim.o
                0x0000000008000900                HAL_InitTick
 .text.NMI_Handler
                0x00000000080009b0        0x6 Core/Src/stm32f4xx_it.o
                0x00000000080009b0                NMI_Handler
 .text.HardFault_Handler
                0x00000000080009b6        0x6 Core/Src/stm32f4xx_it.o
                0x00000000080009b6                HardFault_Handler
 .text.MemManage_Handler
                0x00000000080009bc        0x6 Core/Src/stm32f4xx_it.o
                0x00000000080009bc                MemManage_Handler
 .text.BusFault_Handler
                0x00000000080009c2        0x6 Core/Src/stm32f4xx_it.o
                0x00000000080009c2                BusFault_Handler
 .text.UsageFault_Handler
                0x00000000080009c8        0x6 Core/Src/stm32f4xx_it.o
                0x00000000080009c8                UsageFault_Handler
 .text.DebugMon_Handler
                0x00000000080009ce        0xe Core/Src/stm32f4xx_it.o
                0x00000000080009ce                DebugMon_Handler
 .text.TIM6_DAC_IRQHandler
                0x00000000080009dc       0x14 Core/Src/stm32f4xx_it.o
                0x00000000080009dc                TIM6_DAC_IRQHandler
 .text.SystemInit
                0x00000000080009f0       0x2c Core/Src/system_stm32f4xx.o
                0x00000000080009f0                SystemInit
 .text.Reset_Handler
                0x0000000008000a1c       0x50 Core/Startup/startup_stm32f407vgtx.o
                0x0000000008000a1c                Reset_Handler
 .text.Default_Handler
                0x0000000008000a6c        0x2 Core/Startup/startup_stm32f407vgtx.o
                0x0000000008000a6c                RTC_Alarm_IRQHandler
                0x0000000008000a6c                HASH_RNG_IRQHandler
                0x0000000008000a6c                EXTI2_IRQHandler
                0x0000000008000a6c                TIM8_CC_IRQHandler
                0x0000000008000a6c                TIM1_CC_IRQHandler
                0x0000000008000a6c                DMA2_Stream5_IRQHandler
                0x0000000008000a6c                DMA1_Stream5_IRQHandler
                0x0000000008000a6c                PVD_IRQHandler
                0x0000000008000a6c                SDIO_IRQHandler
                0x0000000008000a6c                TAMP_STAMP_IRQHandler
                0x0000000008000a6c                CAN2_RX1_IRQHandler
                0x0000000008000a6c                EXTI3_IRQHandler
                0x0000000008000a6c                TIM8_TRG_COM_TIM14_IRQHandler
                0x0000000008000a6c                TIM1_UP_TIM10_IRQHandler
                0x0000000008000a6c                TIM8_UP_TIM13_IRQHandler
                0x0000000008000a6c                I2C3_ER_IRQHandler
                0x0000000008000a6c                EXTI0_IRQHandler
                0x0000000008000a6c                I2C2_EV_IRQHandler
                0x0000000008000a6c                DMA1_Stream2_IRQHandler
                0x0000000008000a6c                CAN1_RX0_IRQHandler
                0x0000000008000a6c                FPU_IRQHandler
                0x0000000008000a6c                OTG_HS_WKUP_IRQHandler
                0x0000000008000a6c                CAN2_SCE_IRQHandler
                0x0000000008000a6c                DMA2_Stream2_IRQHandler
                0x0000000008000a6c                SPI1_IRQHandler
                0x0000000008000a6c                TIM1_BRK_TIM9_IRQHandler
                0x0000000008000a6c                DCMI_IRQHandler
                0x0000000008000a6c                CAN2_RX0_IRQHandler
                0x0000000008000a6c                DMA2_Stream3_IRQHandler
                0x0000000008000a6c                USART6_IRQHandler
                0x0000000008000a6c                USART3_IRQHandler
                0x0000000008000a6c                CAN1_RX1_IRQHandler
                0x0000000008000a6c                UART5_IRQHandler
                0x0000000008000a6c                DMA2_Stream0_IRQHandler
                0x0000000008000a6c                TIM4_IRQHandler
                0x0000000008000a6c                I2C1_EV_IRQHandler
                0x0000000008000a6c                DMA1_Stream6_IRQHandler
                0x0000000008000a6c                DMA1_Stream1_IRQHandler
                0x0000000008000a6c                UART4_IRQHandler
                0x0000000008000a6c                TIM3_IRQHandler
                0x0000000008000a6c                RCC_IRQHandler
                0x0000000008000a6c                TIM8_BRK_TIM12_IRQHandler
                0x0000000008000a6c                Default_Handler
                0x0000000008000a6c                EXTI15_10_IRQHandler
                0x0000000008000a6c                ADC_IRQHandler
                0x0000000008000a6c                DMA1_Stream7_IRQHandler
                0x0000000008000a6c                TIM7_IRQHandler
                0x0000000008000a6c                CAN2_TX_IRQHandler
                0x0000000008000a6c                TIM5_IRQHandler
                0x0000000008000a6c                DMA2_Stream7_IRQHandler
                0x0000000008000a6c                I2C3_EV_IRQHandler
                0x0000000008000a6c                EXTI9_5_IRQHandler
                0x0000000008000a6c                RTC_WKUP_IRQHandler
                0x0000000008000a6c                ETH_WKUP_IRQHandler
                0x0000000008000a6c                SPI2_IRQHandler
                0x0000000008000a6c                OTG_HS_EP1_IN_IRQHandler
                0x0000000008000a6c                DMA1_Stream0_IRQHandler
                0x0000000008000a6c                CAN1_TX_IRQHandler
                0x0000000008000a6c                EXTI4_IRQHandler
                0x0000000008000a6c                FSMC_IRQHandler
                0x0000000008000a6c                ETH_IRQHandler
                0x0000000008000a6c                OTG_HS_EP1_OUT_IRQHandler
                0x0000000008000a6c                WWDG_IRQHandler
                0x0000000008000a6c                TIM2_IRQHandler
                0x0000000008000a6c                OTG_FS_WKUP_IRQHandler
                0x0000000008000a6c                TIM1_TRG_COM_TIM11_IRQHandler
                0x0000000008000a6c                OTG_HS_IRQHandler
                0x0000000008000a6c                EXTI1_IRQHandler
                0x0000000008000a6c                USART2_IRQHandler
                0x0000000008000a6c                I2C2_ER_IRQHandler
                0x0000000008000a6c                DMA2_Stream1_IRQHandler
                0x0000000008000a6c                CAN1_SCE_IRQHandler
                0x0000000008000a6c                FLASH_IRQHandler
                0x0000000008000a6c                DMA2_Stream4_IRQHandler
                0x0000000008000a6c                USART1_IRQHandler
                0x0000000008000a6c                OTG_FS_IRQHandler
                0x0000000008000a6c                SPI3_IRQHandler
                0x0000000008000a6c                DMA1_Stream4_IRQHandler
                0x0000000008000a6c                I2C1_ER_IRQHandler
                0x0000000008000a6c                DMA2_Stream6_IRQHandler
                0x0000000008000a6c                DMA1_Stream3_IRQHandler
 *fill*         0x0000000008000a6e        0x2 
 .text.HAL_Init
                0x0000000008000a70       0x44 Drivers/STM32F4xx_HAL_Driver/Src/stm32f4xx_hal.o
                0x0000000008000a70                HAL_Init
 .text.HAL_IncTick
                0x0000000008000ab4       0x28 Drivers/STM32F4xx_HAL_Driver/Src/stm32f4xx_hal.o
                0x0000000008000ab4                HAL_IncTick
 .text.HAL_GetTick
                0x0000000008000adc       0x18 Drivers/STM32F4xx_HAL_Driver/Src/stm32f4xx_hal.o
                0x0000000008000adc                HAL_GetTick
 .text.__NVIC_SetPriorityGrouping
                0x0000000008000af4       0x48 Drivers/STM32F4xx_HAL_Driver/Src/stm32f4xx_hal_cortex.o
 .text.__NVIC_GetPriorityGrouping
                0x0000000008000b3c       0x1c Drivers/STM32F4xx_HAL_Driver/Src/stm32f4xx_hal_cortex.o
 .text.__NVIC_EnableIRQ
                0x0000000008000b58       0x3c Drivers/STM32F4xx_HAL_Driver/Src/stm32f4xx_hal_cortex.o
 .text.__NVIC_SetPriority
                0x0000000008000b94       0x54 Drivers/STM32F4xx_HAL_Driver/Src/stm32f4xx_hal_cortex.o
 .text.NVIC_EncodePriority
                0x0000000008000be8       0x66 Drivers/STM32F4xx_HAL_Driver/Src/stm32f4xx_hal_cortex.o
 .text.HAL_NVIC_SetPriorityGrouping
                0x0000000008000c4e       0x16 Drivers/STM32F4xx_HAL_Driver/Src/stm32f4xx_hal_cortex.o
                0x0000000008000c4e                HAL_NVIC_SetPriorityGrouping
 .text.HAL_NVIC_SetPriority
                0x0000000008000c64       0x38 Drivers/STM32F4xx_HAL_Driver/Src/stm32f4xx_hal_cortex.o
                0x0000000008000c64                HAL_NVIC_SetPriority
 .text.HAL_NVIC_EnableIRQ
                0x0000000008000c9c       0x1c Drivers/STM32F4xx_HAL_Driver/Src/stm32f4xx_hal_cortex.o
                0x0000000008000c9c                HAL_NVIC_EnableIRQ
 .text.HAL_GPIO_Init
                0x0000000008000cb8      0x334 Drivers/STM32F4xx_HAL_Driver/Src/stm32f4xx_hal_gpio.o
                0x0000000008000cb8                HAL_GPIO_Init
 .text.HAL_GPIO_ReadPin
                0x0000000008000fec       0x30 Drivers/STM32F4xx_HAL_Driver/Src/stm32f4xx_hal_gpio.o
                0x0000000008000fec                HAL_GPIO_ReadPin
 .text.HAL_GPIO_WritePin
                0x000000000800101c       0x32 Drivers/STM32F4xx_HAL_Driver/Src/stm32f4xx_hal_gpio.o
                0x000000000800101c                HAL_GPIO_WritePin
 *fill*         0x000000000800104e        0x2 
 .text.HAL_RCC_OscConfig
                0x0000000008001050      0x4e0 Drivers/STM32F4xx_HAL_Driver/Src/stm32f4xx_hal_rcc.o
                0x0000000008001050                HAL_RCC_OscConfig
 .text.HAL_RCC_ClockConfig
                0x0000000008001530      0x1cc Drivers/STM32F4xx_HAL_Driver/Src/stm32f4xx_hal_rcc.o
                0x0000000008001530                HAL_RCC_ClockConfig
 .text.HAL_RCC_GetSysClockFreq
                0x00000000080016fc      0x164 Drivers/STM32F4xx_HAL_Driver/Src/stm32f4xx_hal_rcc.o
                0x00000000080016fc                HAL_RCC_GetSysClockFreq
 .text.HAL_RCC_GetHCLKFreq
                0x0000000008001860       0x18 Drivers/STM32F4xx_HAL_Driver/Src/stm32f4xx_hal_rcc.o
                0x0000000008001860                HAL_RCC_GetHCLKFreq
 .text.HAL_RCC_GetPCLK1Freq
                0x0000000008001878       0x28 Drivers/STM32F4xx_HAL_Driver/Src/stm32f4xx_hal_rcc.o
                0x0000000008001878                HAL_RCC_GetPCLK1Freq
 .text.HAL_RCC_GetClockConfig
                0x00000000080018a0       0x64 Drivers/STM32F4xx_HAL_Driver/Src/stm32f4xx_hal_rcc.o
                0x00000000080018a0                HAL_RCC_GetClockConfig
 .text.HAL_TIM_Base_Init
                0x0000000008001904       0x56 Drivers/STM32F4xx_HAL_Driver/Src/stm32f4xx_hal_tim.o
                0x0000000008001904                HAL_TIM_Base_Init
 .text.HAL_TIM_Base_MspInit
                0x000000000800195a       0x14 Drivers/STM32F4xx_HAL_Driver/Src/stm32f4xx_hal_tim.o
                0x000000000800195a                HAL_TIM_Base_MspInit
 .text.HAL_TIM_Base_Start_IT
                0x000000000800196e       0x48 Drivers/STM32F4xx_HAL_Driver/Src/stm32f4xx_hal_tim.o
                0x000000000800196e                HAL_TIM_Base_Start_IT
 .text.HAL_TIM_IRQHandler
                0x00000000080019b6      0x210 Drivers/STM32F4xx_HAL_Driver/Src/stm32f4xx_hal_tim.o
                0x00000000080019b6                HAL_TIM_IRQHandler
 .text.HAL_TIM_OC_DelayElapsedCallback
                0x0000000008001bc6       0x14 Drivers/STM32F4xx_HAL_Driver/Src/stm32f4xx_hal_tim.o
                0x0000000008001bc6                HAL_TIM_OC_DelayElapsedCallback
 .text.HAL_TIM_IC_CaptureCallback
                0x0000000008001bda       0x14 Drivers/STM32F4xx_HAL_Driver/Src/stm32f4xx_hal_tim.o
                0x0000000008001bda                HAL_TIM_IC_CaptureCallback
 .text.HAL_TIM_PWM_PulseFinishedCallback
                0x0000000008001bee       0x14 Drivers/STM32F4xx_HAL_Driver/Src/stm32f4xx_hal_tim.o
                0x0000000008001bee                HAL_TIM_PWM_PulseFinishedCallback
 .text.HAL_TIM_TriggerCallback
                0x0000000008001c02       0x14 Drivers/STM32F4xx_HAL_Driver/Src/stm32f4xx_hal_tim.o
                0x0000000008001c02                HAL_TIM_TriggerCallback
 *fill*         0x0000000008001c16        0x2 
 .text.TIM_Base_SetConfig
                0x0000000008001c18      0x140 Drivers/STM32F4xx_HAL_Driver/Src/stm32f4xx_hal_tim.o
                0x0000000008001c18                TIM_Base_SetConfig
 .text.HAL_TIMEx_CommutCallback
                0x0000000008001d58       0x14 Drivers/STM32F4xx_HAL_Driver/Src/stm32f4xx_hal_tim_ex.o
                0x0000000008001d58                HAL_TIMEx_CommutCallback
 .text.HAL_TIMEx_BreakCallback
                0x0000000008001d6c       0x14 Drivers/STM32F4xx_HAL_Driver/Src/stm32f4xx_hal_tim_ex.o
                0x0000000008001d6c                HAL_TIMEx_BreakCallback
 .text.vListInitialise
                0x0000000008001d80       0x40 FreeRTOS/list.o
                0x0000000008001d80                vListInitialise
 .text.vListInitialiseItem
                0x0000000008001dc0       0x1a FreeRTOS/list.o
                0x0000000008001dc0                vListInitialiseItem
 .text.vListInsertEnd
                0x0000000008001dda       0x48 FreeRTOS/list.o
                0x0000000008001dda                vListInsertEnd
 .text.vListInsert
                0x0000000008001e22       0x72 FreeRTOS/list.o
                0x0000000008001e22                vListInsert
 .text.uxListRemove
                0x0000000008001e94       0x54 FreeRTOS/list.o
                0x0000000008001e94                uxListRemove
 .text.xQueueGenericReset
                0x0000000008001ee8       0xd0 FreeRTOS/queue.o
                0x0000000008001ee8                xQueueGenericReset
 .text.xQueueGenericCreate
                0x0000000008001fb8       0x76 FreeRTOS/queue.o
                0x0000000008001fb8                xQueueGenericCreate
 .text.prvInitialiseNewQueue
                0x000000000800202e       0x46 FreeRTOS/queue.o
 .text.xQueueGenericSend
                0x0000000008002074      0x1f4 FreeRTOS/queue.o
                0x0000000008002074                xQueueGenericSend
 .text.xQueueGenericSendFromISR
                0x0000000008002268      0x128 FreeRTOS/queue.o
                0x0000000008002268                xQueueGenericSendFromISR
 .text.xQueueReceive
                0x0000000008002390      0x1b8 FreeRTOS/queue.o
                0x0000000008002390                xQueueReceive
 .text.prvCopyDataToQueue
                0x0000000008002548       0xd4 FreeRTOS/queue.o
 .text.prvCopyDataFromQueue
                0x000000000800261c       0x4c FreeRTOS/queue.o
 .text.prvUnlockQueue
                0x0000000008002668       0xa4 FreeRTOS/queue.o
 .text.prvIsQueueEmpty
                0x000000000800270c       0x2c FreeRTOS/queue.o
 .text.prvIsQueueFull
                0x0000000008002738       0x30 FreeRTOS/queue.o
 .text.vQueueAddToRegistry
                0x0000000008002768       0x50 FreeRTOS/queue.o
                0x0000000008002768                vQueueAddToRegistry
 .text.vQueueWaitForMessageRestricted
                0x00000000080027b8       0x68 FreeRTOS/queue.o
                0x00000000080027b8                vQueueWaitForMessageRestricted
 .text.xTaskCreate
                0x0000000008002820       0x82 FreeRTOS/tasks.o
                0x0000000008002820                xTaskCreate
 .text.prvInitialiseNewTask
                0x00000000080028a2      0x11c FreeRTOS/tasks.o
 *fill*         0x00000000080029be        0x2 
 .text.prvAddNewTaskToReadyList
                0x00000000080029c0       0xdc FreeRTOS/tasks.o
 .text.vTaskDelay
                0x0000000008002a9c       0x68 FreeRTOS/tasks.o
                0x0000000008002a9c                vTaskDelay
 .text.vTaskSuspend
                0x0000000008002b04      0x124 FreeRTOS/tasks.o
                0x0000000008002b04                vTaskSuspend
 .text.prvTaskIsTaskSuspended
                0x0000000008002c28       0x60 FreeRTOS/tasks.o
 .text.vTaskResume
                0x0000000008002c88       0xb8 FreeRTOS/tasks.o
                0x0000000008002c88                vTaskResume
 .text.vTaskStartScheduler
                0x0000000008002d40       0x98 FreeRTOS/tasks.o
                0x0000000008002d40                vTaskStartScheduler
 .text.vTaskSuspendAll
                0x0000000008002dd8       0x1c FreeRTOS/tasks.o
                0x0000000008002dd8                vTaskSuspendAll
 .text.xTaskResumeAll
                0x0000000008002df4      0x138 FreeRTOS/tasks.o
                0x0000000008002df4                xTaskResumeAll
 .text.xTaskGetTickCount
                0x0000000008002f2c       0x20 FreeRTOS/tasks.o
                0x0000000008002f2c                xTaskGetTickCount
 .text.xTaskIncrementTick
                0x0000000008002f4c      0x170 FreeRTOS/tasks.o
                0x0000000008002f4c                xTaskIncrementTick
 .text.vTaskSwitchContext
                0x00000000080030bc       0xb4 FreeRTOS/tasks.o
                0x00000000080030bc                vTaskSwitchContext
 .text.vTaskPlaceOnEventList
                0x0000000008003170       0x48 FreeRTOS/tasks.o
                0x0000000008003170                vTaskPlaceOnEventList
 .text.vTaskPlaceOnEventListRestricted
                0x00000000080031b8       0x54 FreeRTOS/tasks.o
                0x00000000080031b8                vTaskPlaceOnEventListRestricted
 .text.xTaskRemoveFromEventList
                0x000000000800320c       0xc4 FreeRTOS/tasks.o
                0x000000000800320c                xTaskRemoveFromEventList
 .text.vTaskInternalSetTimeOutState
                0x00000000080032d0       0x2c FreeRTOS/tasks.o
                0x00000000080032d0                vTaskInternalSetTimeOutState
 .text.xTaskCheckForTimeOut
                0x00000000080032fc       0xc0 FreeRTOS/tasks.o
                0x00000000080032fc                xTaskCheckForTimeOut
 .text.vTaskMissedYield
                0x00000000080033bc       0x18 FreeRTOS/tasks.o
                0x00000000080033bc                vTaskMissedYield
 .text.prvIdleTask
                0x00000000080033d4       0x30 FreeRTOS/tasks.o
 .text.prvInitialiseTaskLists
                0x0000000008003404       0x80 FreeRTOS/tasks.o
 .text.prvCheckTasksWaitingTermination
                0x0000000008003484       0x58 FreeRTOS/tasks.o
 .text.prvDeleteTCB
                0x00000000080034dc       0x20 FreeRTOS/tasks.o
 .text.prvResetNextTaskUnblockTime
                0x00000000080034fc       0x40 FreeRTOS/tasks.o
 .text.xTaskGetSchedulerState
                0x000000000800353c       0x3c FreeRTOS/tasks.o
                0x000000000800353c                xTaskGetSchedulerState
 .text.xTaskPriorityDisinherit
                0x0000000008003578      0x108 FreeRTOS/tasks.o
                0x0000000008003578                xTaskPriorityDisinherit
 .text.prvAddCurrentTaskToDelayedList
                0x0000000008003680       0xcc FreeRTOS/tasks.o
 .text.xTimerCreateTimerTask
                0x000000000800374c       0x64 FreeRTOS/timers.o
                0x000000000800374c                xTimerCreateTimerTask
 .text.xTimerGenericCommand
                0x00000000080037b0       0x98 FreeRTOS/timers.o
                0x00000000080037b0                xTimerGenericCommand
 .text.prvProcessExpiredTimer
                0x0000000008003848       0x98 FreeRTOS/timers.o
 .text.prvTimerTask
                0x00000000080038e0       0x24 FreeRTOS/timers.o
 .text.prvProcessTimerOrBlockTask
                0x0000000008003904       0x9c FreeRTOS/timers.o
 .text.prvGetNextExpireTime
                0x00000000080039a0       0x48 FreeRTOS/timers.o
 .text.prvSampleTimeNow
                0x00000000080039e8       0x40 FreeRTOS/timers.o
 .text.prvInsertTimerInActiveList
                0x0000000008003a28       0x84 FreeRTOS/timers.o
 .text.prvProcessReceivedCommands
                0x0000000008003aac      0x188 FreeRTOS/timers.o
 .text.prvSwitchTimerLists
                0x0000000008003c34       0xc8 FreeRTOS/timers.o
 .text.prvCheckForValidListAndQueue
                0x0000000008003cfc       0x6c FreeRTOS/timers.o
 .text.pxPortInitialiseStack
                0x0000000008003d68       0x68 FreeRTOS/portable/ARM_CM4F/port.o
                0x0000000008003d68                pxPortInitialiseStack
 .text.prvTaskExitError
                0x0000000008003dd0       0x54 FreeRTOS/portable/ARM_CM4F/port.o
 *fill*         0x0000000008003e24        0xc 
 .text.SVC_Handler
                0x0000000008003e30       0x28 FreeRTOS/portable/ARM_CM4F/port.o
                0x0000000008003e30                SVC_Handler
 .text.prvPortStartFirstTask
                0x0000000008003e58       0x28 FreeRTOS/portable/ARM_CM4F/port.o
 .text.xPortStartScheduler
                0x0000000008003e80      0x13c FreeRTOS/portable/ARM_CM4F/port.o
                0x0000000008003e80                xPortStartScheduler
 .text.vPortEnterCritical
                0x0000000008003fbc       0x5c FreeRTOS/portable/ARM_CM4F/port.o
                0x0000000008003fbc                vPortEnterCritical
 .text.vPortExitCritical
                0x0000000008004018       0x50 FreeRTOS/portable/ARM_CM4F/port.o
                0x0000000008004018                vPortExitCritical
 *fill*         0x0000000008004068        0x8 
 .text.PendSV_Handler
                0x0000000008004070       0x68 FreeRTOS/portable/ARM_CM4F/port.o
                0x0000000008004070                PendSV_Handler
 .text.SysTick_Handler
                0x00000000080040d8       0x40 FreeRTOS/portable/ARM_CM4F/port.o
                0x00000000080040d8                SysTick_Handler
 .text.vPortSetupTimerInterrupt
                0x0000000008004118       0x48 FreeRTOS/portable/ARM_CM4F/port.o
                0x0000000008004118                vPortSetupTimerInterrupt
 .text.vPortEnableVFP
                0x0000000008004160       0x14 FreeRTOS/portable/ARM_CM4F/port.o
 .text.vPortValidateInterruptPriority
                0x0000000008004174       0x7c FreeRTOS/portable/ARM_CM4F/port.o
                0x0000000008004174                vPortValidateInterruptPriority
 .text.pvPortMalloc
                0x00000000080041f0      0x184 FreeRTOS/portable/MemMang/heap_4.o
                0x00000000080041f0                pvPortMalloc
 .text.vPortFree
                0x0000000008004374       0xb0 FreeRTOS/portable/MemMang/heap_4.o
                0x0000000008004374                vPortFree
 .text.prvHeapInit
                0x0000000008004424       0xc4 FreeRTOS/portable/MemMang/heap_4.o
 .text.prvInsertBlockIntoFreeList
                0x00000000080044e8       0xb4 FreeRTOS/portable/MemMang/heap_4.o
 .text.__libc_init_array
                0x000000000800459c       0x48 /opt/st/stm32cubeide_1.5.1/plugins/com.st.stm32cube.ide.mcu.externaltools.gnu-tools-for-stm32.7-2018-q2-update.linux64_1.5.0.202011040924/tools/bin/../lib/gcc/arm-none-eabi/7.3.1/../../../../arm-none-eabi/lib/thumb/v7e-m/fpv4-sp/hard/libc_nano.a(lib_a-init.o)
                0x000000000800459c                __libc_init_array
 .text.memcpy   0x00000000080045e4       0x16 /opt/st/stm32cubeide_1.5.1/plugins/com.st.stm32cube.ide.mcu.externaltools.gnu-tools-for-stm32.7-2018-q2-update.linux64_1.5.0.202011040924/tools/bin/../lib/gcc/arm-none-eabi/7.3.1/../../../../arm-none-eabi/lib/thumb/v7e-m/fpv4-sp/hard/libc_nano.a(lib_a-memcpy-stub.o)
                0x00000000080045e4                memcpy
 .text.memset   0x00000000080045fa       0x10 /opt/st/stm32cubeide_1.5.1/plugins/com.st.stm32cube.ide.mcu.externaltools.gnu-tools-for-stm32.7-2018-q2-update.linux64_1.5.0.202011040924/tools/bin/../lib/gcc/arm-none-eabi/7.3.1/../../../../arm-none-eabi/lib/thumb/v7e-m/fpv4-sp/hard/libc_nano.a(lib_a-memset.o)
                0x00000000080045fa                memset
 *(.glue_7)
 .glue_7        0x000000000800460a        0x0 linker stubs
 *(.glue_7t)
 .glue_7t       0x000000000800460a        0x0 linker stubs
 *(.eh_frame)
 *fill*         0x000000000800460a        0x2 
 .eh_frame      0x000000000800460c        0x0 /opt/st/stm32cubeide_1.5.1/plugins/com.st.stm32cube.ide.mcu.externaltools.gnu-tools-for-stm32.7-2018-q2-update.linux64_1.5.0.202011040924/tools/bin/../lib/gcc/arm-none-eabi/7.3.1/thumb/v7e-m/fpv4-sp/hard/crtbegin.o
 *(.init)
 .init          0x000000000800460c        0x4 /opt/st/stm32cubeide_1.5.1/plugins/com.st.stm32cube.ide.mcu.externaltools.gnu-tools-for-stm32.7-2018-q2-update.linux64_1.5.0.202011040924/tools/bin/../lib/gcc/arm-none-eabi/7.3.1/thumb/v7e-m/fpv4-sp/hard/crti.o
                0x000000000800460c                _init
 .init          0x0000000008004610        0x8 /opt/st/stm32cubeide_1.5.1/plugins/com.st.stm32cube.ide.mcu.externaltools.gnu-tools-for-stm32.7-2018-q2-update.linux64_1.5.0.202011040924/tools/bin/../lib/gcc/arm-none-eabi/7.3.1/thumb/v7e-m/fpv4-sp/hard/crtn.o
 *(.fini)
 .fini          0x0000000008004618        0x4 /opt/st/stm32cubeide_1.5.1/plugins/com.st.stm32cube.ide.mcu.externaltools.gnu-tools-for-stm32.7-2018-q2-update.linux64_1.5.0.202011040924/tools/bin/../lib/gcc/arm-none-eabi/7.3.1/thumb/v7e-m/fpv4-sp/hard/crti.o
                0x0000000008004618                _fini
 .fini          0x000000000800461c        0x8 /opt/st/stm32cubeide_1.5.1/plugins/com.st.stm32cube.ide.mcu.externaltools.gnu-tools-for-stm32.7-2018-q2-update.linux64_1.5.0.202011040924/tools/bin/../lib/gcc/arm-none-eabi/7.3.1/thumb/v7e-m/fpv4-sp/hard/crtn.o
                0x0000000008004624                . = ALIGN (0x4)
                0x0000000008004624                _etext = .

.vfp11_veneer   0x0000000008004624        0x0
 .vfp11_veneer  0x0000000008004624        0x0 linker stubs

.v4_bx          0x0000000008004624        0x0
 .v4_bx         0x0000000008004624        0x0 linker stubs

.iplt           0x0000000008004624        0x0
 .iplt          0x0000000008004624        0x0 /opt/st/stm32cubeide_1.5.1/plugins/com.st.stm32cube.ide.mcu.externaltools.gnu-tools-for-stm32.7-2018-q2-update.linux64_1.5.0.202011040924/tools/bin/../lib/gcc/arm-none-eabi/7.3.1/thumb/v7e-m/fpv4-sp/hard/crtbegin.o

.rodata         0x0000000008004624       0x54
                0x0000000008004624                . = ALIGN (0x4)
 *(.rodata)
 .rodata        0x0000000008004624       0x23 Core/Src/main.o
 *fill*         0x0000000008004647        0x1 
 .rodata        0x0000000008004648        0x5 FreeRTOS/tasks.o
 *fill*         0x000000000800464d        0x3 
 .rodata        0x0000000008004650        0xd FreeRTOS/timers.o
 *(.rodata*)
 *fill*         0x000000000800465d        0x3 
 .rodata.AHBPrescTable
                0x0000000008004660       0x10 Core/Src/system_stm32f4xx.o
                0x0000000008004660                AHBPrescTable
 .rodata.APBPrescTable
                0x0000000008004670        0x8 Core/Src/system_stm32f4xx.o
                0x0000000008004670                APBPrescTable
                0x0000000008004678                . = ALIGN (0x4)

.ARM.extab      0x0000000008004678        0x0
                0x0000000008004678                . = ALIGN (0x4)
 *(.ARM.extab* .gnu.linkonce.armextab.*)
                0x0000000008004678                . = ALIGN (0x4)

.ARM            0x0000000008004678        0x8
                0x0000000008004678                . = ALIGN (0x4)
                0x0000000008004678                __exidx_start = .
 *(.ARM.exidx*)
 .ARM.exidx     0x0000000008004678        0x8 /opt/st/stm32cubeide_1.5.1/plugins/com.st.stm32cube.ide.mcu.externaltools.gnu-tools-for-stm32.7-2018-q2-update.linux64_1.5.0.202011040924/tools/bin/../lib/gcc/arm-none-eabi/7.3.1/thumb/v7e-m/fpv4-sp/hard/libgcc.a(_udivmoddi4.o)
                0x0000000008004680                __exidx_end = .
                0x0000000008004680                . = ALIGN (0x4)

.rel.dyn        0x0000000008004680        0x0
 .rel.iplt      0x0000000008004680        0x0 /opt/st/stm32cubeide_1.5.1/plugins/com.st.stm32cube.ide.mcu.externaltools.gnu-tools-for-stm32.7-2018-q2-update.linux64_1.5.0.202011040924/tools/bin/../lib/gcc/arm-none-eabi/7.3.1/thumb/v7e-m/fpv4-sp/hard/crtbegin.o

.preinit_array  0x0000000008004680        0x0
                0x0000000008004680                . = ALIGN (0x4)
                0x0000000008004680                PROVIDE (__preinit_array_start = .)
 *(.preinit_array*)
                0x0000000008004680                PROVIDE (__preinit_array_end = .)
                0x0000000008004680                . = ALIGN (0x4)

.init_array     0x0000000008004680        0x4
                0x0000000008004680                . = ALIGN (0x4)
                0x0000000008004680                PROVIDE (__init_array_start = .)
 *(SORT_BY_NAME(.init_array.*))
 *(.init_array*)
 .init_array    0x0000000008004680        0x4 /opt/st/stm32cubeide_1.5.1/plugins/com.st.stm32cube.ide.mcu.externaltools.gnu-tools-for-stm32.7-2018-q2-update.linux64_1.5.0.202011040924/tools/bin/../lib/gcc/arm-none-eabi/7.3.1/thumb/v7e-m/fpv4-sp/hard/crtbegin.o
                0x0000000008004684                PROVIDE (__init_array_end = .)
                0x0000000008004684                . = ALIGN (0x4)

.fini_array     0x0000000008004684        0x4
                0x0000000008004684                . = ALIGN (0x4)
                [!provide]                        PROVIDE (__fini_array_start = .)
 *(SORT_BY_NAME(.fini_array.*))
 *(.fini_array*)
 .fini_array    0x0000000008004684        0x4 /opt/st/stm32cubeide_1.5.1/plugins/com.st.stm32cube.ide.mcu.externaltools.gnu-tools-for-stm32.7-2018-q2-update.linux64_1.5.0.202011040924/tools/bin/../lib/gcc/arm-none-eabi/7.3.1/thumb/v7e-m/fpv4-sp/hard/crtbegin.o
                [!provide]                        PROVIDE (__fini_array_end = .)
                0x0000000008004688                . = ALIGN (0x4)
                0x0000000008004688                _sidata = LOADADDR (.data)

.data           0x0000000020000000       0x10 load address 0x0000000008004688
                0x0000000020000000                . = ALIGN (0x4)
                0x0000000020000000                _sdata = .
 *(.data)
 *(.data*)
 .data.SystemCoreClock
                0x0000000020000000        0x4 Core/Src/system_stm32f4xx.o
                0x0000000020000000                SystemCoreClock
 .data.uwTickPrio
                0x0000000020000004        0x4 Drivers/STM32F4xx_HAL_Driver/Src/stm32f4xx_hal.o
                0x0000000020000004                uwTickPrio
 .data.uwTickFreq
                0x0000000020000008        0x1 Drivers/STM32F4xx_HAL_Driver/Src/stm32f4xx_hal.o
                0x0000000020000008                uwTickFreq
 *fill*         0x0000000020000009        0x3 
 .data.uxCriticalNesting
                0x000000002000000c        0x4 FreeRTOS/portable/ARM_CM4F/port.o
 *(.RamFunc)
 *(.RamFunc*)
                0x0000000020000010                . = ALIGN (0x4)
                0x0000000020000010                _edata = .

.igot.plt       0x0000000020000010        0x0 load address 0x0000000008004698
 .igot.plt      0x0000000020000010        0x0 /opt/st/stm32cubeide_1.5.1/plugins/com.st.stm32cube.ide.mcu.externaltools.gnu-tools-for-stm32.7-2018-q2-update.linux64_1.5.0.202011040924/tools/bin/../lib/gcc/arm-none-eabi/7.3.1/thumb/v7e-m/fpv4-sp/hard/crtbegin.o
                0x0000000020000010                . = ALIGN (0x4)

.bss            0x0000000020000010    0x12e18 load address 0x0000000008004698
                0x0000000020000010                _sbss = .
                0x0000000020000010                __bss_start__ = _sbss
 *(.bss)
 .bss           0x0000000020000010       0x1c /opt/st/stm32cubeide_1.5.1/plugins/com.st.stm32cube.ide.mcu.externaltools.gnu-tools-for-stm32.7-2018-q2-update.linux64_1.5.0.202011040924/tools/bin/../lib/gcc/arm-none-eabi/7.3.1/thumb/v7e-m/fpv4-sp/hard/crtbegin.o
 *(.bss*)
 .bss.pxCurrentTCB
                0x000000002000002c        0x4 FreeRTOS/tasks.o
                0x000000002000002c                pxCurrentTCB
 .bss.pxReadyTasksLists
                0x0000000020000030       0x64 FreeRTOS/tasks.o
 .bss.xDelayedTaskList1
                0x0000000020000094       0x14 FreeRTOS/tasks.o
 .bss.xDelayedTaskList2
                0x00000000200000a8       0x14 FreeRTOS/tasks.o
 .bss.pxDelayedTaskList
                0x00000000200000bc        0x4 FreeRTOS/tasks.o
 .bss.pxOverflowDelayedTaskList
                0x00000000200000c0        0x4 FreeRTOS/tasks.o
 .bss.xPendingReadyList
                0x00000000200000c4       0x14 FreeRTOS/tasks.o
 .bss.xTasksWaitingTermination
                0x00000000200000d8       0x14 FreeRTOS/tasks.o
 .bss.uxDeletedTasksWaitingCleanUp
                0x00000000200000ec        0x4 FreeRTOS/tasks.o
 .bss.xSuspendedTaskList
                0x00000000200000f0       0x14 FreeRTOS/tasks.o
 .bss.uxCurrentNumberOfTasks
                0x0000000020000104        0x4 FreeRTOS/tasks.o
 .bss.xTickCount
                0x0000000020000108        0x4 FreeRTOS/tasks.o
 .bss.uxTopReadyPriority
                0x000000002000010c        0x4 FreeRTOS/tasks.o
 .bss.xSchedulerRunning
                0x0000000020000110        0x4 FreeRTOS/tasks.o
 .bss.uxPendedTicks
                0x0000000020000114        0x4 FreeRTOS/tasks.o
 .bss.xYieldPending
                0x0000000020000118        0x4 FreeRTOS/tasks.o
 .bss.xNumOfOverflows
                0x000000002000011c        0x4 FreeRTOS/tasks.o
 .bss.uxTaskNumber
                0x0000000020000120        0x4 FreeRTOS/tasks.o
 .bss.xNextTaskUnblockTime
                0x0000000020000124        0x4 FreeRTOS/tasks.o
 .bss.xIdleTaskHandle
                0x0000000020000128        0x4 FreeRTOS/tasks.o
 .bss.uxSchedulerSuspended
                0x000000002000012c        0x4 FreeRTOS/tasks.o
 .bss.xActiveTimerList1
                0x0000000020000130       0x14 FreeRTOS/timers.o
 .bss.xActiveTimerList2
                0x0000000020000144       0x14 FreeRTOS/timers.o
 .bss.pxCurrentTimerList
                0x0000000020000158        0x4 FreeRTOS/timers.o
 .bss.pxOverflowTimerList
                0x000000002000015c        0x4 FreeRTOS/timers.o
 .bss.xTimerQueue
                0x0000000020000160        0x4 FreeRTOS/timers.o
 .bss.xTimerTaskHandle
                0x0000000020000164        0x4 FreeRTOS/timers.o
 .bss.xLastTime.6701
                0x0000000020000168        0x4 FreeRTOS/timers.o
 .bss.ucMaxSysCallPriority
                0x000000002000016c        0x1 FreeRTOS/portable/ARM_CM4F/port.o
 *fill*         0x000000002000016d        0x3 
 .bss.ulMaxPRIGROUPValue
                0x0000000020000170        0x4 FreeRTOS/portable/ARM_CM4F/port.o
 .bss.ucHeap    0x0000000020000174    0x12c00 FreeRTOS/portable/MemMang/heap_4.o
 .bss.xStart    0x0000000020012d74        0x8 FreeRTOS/portable/MemMang/heap_4.o
 .bss.pxEnd     0x0000000020012d7c        0x4 FreeRTOS/portable/MemMang/heap_4.o
 .bss.xFreeBytesRemaining
                0x0000000020012d80        0x4 FreeRTOS/portable/MemMang/heap_4.o
 .bss.xMinimumEverFreeBytesRemaining
                0x0000000020012d84        0x4 FreeRTOS/portable/MemMang/heap_4.o
 .bss.xBlockAllocatedBit
                0x0000000020012d88        0x4 FreeRTOS/portable/MemMang/heap_4.o
 *(COMMON)
 COMMON         0x0000000020012d8c       0x18 Core/Src/main.o
                0x0000000020012d8c                xButtonReturned
                0x0000000020012d90                xLEDReturned1
                0x0000000020012d94                xHandle2
                0x0000000020012d98                xHandle1
                0x0000000020012d9c                xLEDReturned2
                0x0000000020012da0                xQueue1
 COMMON         0x0000000020012da4       0x40 Core/Src/stm32f4xx_hal_timebase_tim.o
                0x0000000020012da4                htim6
 COMMON         0x0000000020012de4        0x4 Drivers/STM32F4xx_HAL_Driver/Src/stm32f4xx_hal.o
                0x0000000020012de4                uwTick
 COMMON         0x0000000020012de8       0x40 FreeRTOS/queue.o
                0x0000000020012de8                xQueueRegistry
                0x0000000020012e28                . = ALIGN (0x4)
                0x0000000020012e28                _ebss = .
                0x0000000020012e28                __bss_end__ = _ebss

._user_heap_stack
                0x0000000020012e28      0x600 load address 0x0000000008004698
                0x0000000020012e28                . = ALIGN (0x8)
                [!provide]                        PROVIDE (end = .)
                0x0000000020012e28                PROVIDE (_end = .)
                0x0000000020013028                . = (. + _Min_Heap_Size)
 *fill*         0x0000000020012e28      0x200 
                0x0000000020013428                . = (. + _Min_Stack_Size)
 *fill*         0x0000000020013028      0x400 
                0x0000000020013428                . = ALIGN (0x8)

/DISCARD/
 libc.a(*)
 libm.a(*)
 libgcc.a(*)

.ARM.attributes
                0x0000000000000000       0x30
 *(.ARM.attributes)
 .ARM.attributes
                0x0000000000000000       0x22 /opt/st/stm32cubeide_1.5.1/plugins/com.st.stm32cube.ide.mcu.externaltools.gnu-tools-for-stm32.7-2018-q2-update.linux64_1.5.0.202011040924/tools/bin/../lib/gcc/arm-none-eabi/7.3.1/thumb/v7e-m/fpv4-sp/hard/crti.o
 .ARM.attributes
                0x0000000000000022       0x34 /opt/st/stm32cubeide_1.5.1/plugins/com.st.stm32cube.ide.mcu.externaltools.gnu-tools-for-stm32.7-2018-q2-update.linux64_1.5.0.202011040924/tools/bin/../lib/gcc/arm-none-eabi/7.3.1/thumb/v7e-m/fpv4-sp/hard/crtbegin.o
 .ARM.attributes
                0x0000000000000056       0x39 Core/Src/main.o
 .ARM.attributes
                0x000000000000008f       0x39 Core/Src/stm32f4xx_hal_msp.o
 .ARM.attributes
                0x00000000000000c8       0x39 Core/Src/stm32f4xx_hal_timebase_tim.o
 .ARM.attributes
                0x0000000000000101       0x39 Core/Src/stm32f4xx_it.o
 .ARM.attributes
                0x000000000000013a       0x39 Core/Src/system_stm32f4xx.o
 .ARM.attributes
                0x0000000000000173       0x21 Core/Startup/startup_stm32f407vgtx.o
 .ARM.attributes
                0x0000000000000194       0x39 Drivers/STM32F4xx_HAL_Driver/Src/stm32f4xx_hal.o
 .ARM.attributes
                0x00000000000001cd       0x39 Drivers/STM32F4xx_HAL_Driver/Src/stm32f4xx_hal_cortex.o
 .ARM.attributes
                0x0000000000000206       0x39 Drivers/STM32F4xx_HAL_Driver/Src/stm32f4xx_hal_gpio.o
 .ARM.attributes
                0x000000000000023f       0x39 Drivers/STM32F4xx_HAL_Driver/Src/stm32f4xx_hal_rcc.o
 .ARM.attributes
                0x0000000000000278       0x39 Drivers/STM32F4xx_HAL_Driver/Src/stm32f4xx_hal_tim.o
 .ARM.attributes
                0x00000000000002b1       0x39 Drivers/STM32F4xx_HAL_Driver/Src/stm32f4xx_hal_tim_ex.o
 .ARM.attributes
                0x00000000000002ea       0x39 FreeRTOS/list.o
 .ARM.attributes
                0x0000000000000323       0x39 FreeRTOS/queue.o
 .ARM.attributes
                0x000000000000035c       0x39 FreeRTOS/tasks.o
 .ARM.attributes
                0x0000000000000395       0x39 FreeRTOS/timers.o
 .ARM.attributes
                0x00000000000003ce       0x39 FreeRTOS/portable/ARM_CM4F/port.o
 .ARM.attributes
                0x0000000000000407       0x39 FreeRTOS/portable/MemMang/heap_4.o
 .ARM.attributes
                0x0000000000000440       0x34 /opt/st/stm32cubeide_1.5.1/plugins/com.st.stm32cube.ide.mcu.externaltools.gnu-tools-for-stm32.7-2018-q2-update.linux64_1.5.0.202011040924/tools/bin/../lib/gcc/arm-none-eabi/7.3.1/../../../../arm-none-eabi/lib/thumb/v7e-m/fpv4-sp/hard/libc_nano.a(lib_a-init.o)
 .ARM.attributes
                0x0000000000000474       0x34 /opt/st/stm32cubeide_1.5.1/plugins/com.st.stm32cube.ide.mcu.externaltools.gnu-tools-for-stm32.7-2018-q2-update.linux64_1.5.0.202011040924/tools/bin/../lib/gcc/arm-none-eabi/7.3.1/../../../../arm-none-eabi/lib/thumb/v7e-m/fpv4-sp/hard/libc_nano.a(lib_a-memcpy-stub.o)
 .ARM.attributes
                0x00000000000004a8       0x34 /opt/st/stm32cubeide_1.5.1/plugins/com.st.stm32cube.ide.mcu.externaltools.gnu-tools-for-stm32.7-2018-q2-update.linux64_1.5.0.202011040924/tools/bin/../lib/gcc/arm-none-eabi/7.3.1/../../../../arm-none-eabi/lib/thumb/v7e-m/fpv4-sp/hard/libc_nano.a(lib_a-memset.o)
 .ARM.attributes
                0x00000000000004dc       0x22 /opt/st/stm32cubeide_1.5.1/plugins/com.st.stm32cube.ide.mcu.externaltools.gnu-tools-for-stm32.7-2018-q2-update.linux64_1.5.0.202011040924/tools/bin/../lib/gcc/arm-none-eabi/7.3.1/thumb/v7e-m/fpv4-sp/hard/libgcc.a(_aeabi_uldivmod.o)
 .ARM.attributes
                0x00000000000004fe       0x34 /opt/st/stm32cubeide_1.5.1/plugins/com.st.stm32cube.ide.mcu.externaltools.gnu-tools-for-stm32.7-2018-q2-update.linux64_1.5.0.202011040924/tools/bin/../lib/gcc/arm-none-eabi/7.3.1/thumb/v7e-m/fpv4-sp/hard/libgcc.a(_udivmoddi4.o)
 .ARM.attributes
                0x0000000000000532       0x22 /opt/st/stm32cubeide_1.5.1/plugins/com.st.stm32cube.ide.mcu.externaltools.gnu-tools-for-stm32.7-2018-q2-update.linux64_1.5.0.202011040924/tools/bin/../lib/gcc/arm-none-eabi/7.3.1/thumb/v7e-m/fpv4-sp/hard/libgcc.a(_dvmd_tls.o)
 .ARM.attributes
                0x0000000000000554       0x22 /opt/st/stm32cubeide_1.5.1/plugins/com.st.stm32cube.ide.mcu.externaltools.gnu-tools-for-stm32.7-2018-q2-update.linux64_1.5.0.202011040924/tools/bin/../lib/gcc/arm-none-eabi/7.3.1/thumb/v7e-m/fpv4-sp/hard/crtn.o
OUTPUT(Embedded_OS_Lab1_p76091307.elf elf32-littlearm)

.debug_info     0x0000000000000000     0xfc33
 .debug_info    0x0000000000000000      0xce0 Core/Src/main.o
 .debug_info    0x0000000000000ce0      0x362 Core/Src/stm32f4xx_hal_msp.o
 .debug_info    0x0000000000001042      0xb2d Core/Src/stm32f4xx_hal_timebase_tim.o
 .debug_info    0x0000000000001b6f      0x6b8 Core/Src/stm32f4xx_it.o
 .debug_info    0x0000000000002227      0x554 Core/Src/system_stm32f4xx.o
 .debug_info    0x000000000000277b       0x22 Core/Startup/startup_stm32f407vgtx.o
 .debug_info    0x000000000000279d      0x945 Drivers/STM32F4xx_HAL_Driver/Src/stm32f4xx_hal.o
 .debug_info    0x00000000000030e2      0xe28 Drivers/STM32F4xx_HAL_Driver/Src/stm32f4xx_hal_cortex.o
 .debug_info    0x0000000000003f0a      0x7b5 Drivers/STM32F4xx_HAL_Driver/Src/stm32f4xx_hal_gpio.o
 .debug_info    0x00000000000046bf      0x904 Drivers/STM32F4xx_HAL_Driver/Src/stm32f4xx_hal_rcc.o
 .debug_info    0x0000000000004fc3     0x24a9 Drivers/STM32F4xx_HAL_Driver/Src/stm32f4xx_hal_tim.o
 .debug_info    0x000000000000746c     0x1157 Drivers/STM32F4xx_HAL_Driver/Src/stm32f4xx_hal_tim_ex.o
 .debug_info    0x00000000000085c3      0xacb FreeRTOS/list.o
 .debug_info    0x000000000000908e     0x1f26 FreeRTOS/queue.o
 .debug_info    0x000000000000afb4     0x2702 FreeRTOS/tasks.o
 .debug_info    0x000000000000d6b6     0x145e FreeRTOS/timers.o
 .debug_info    0x000000000000eb14      0x533 FreeRTOS/portable/ARM_CM4F/port.o
 .debug_info    0x000000000000f047      0xbec FreeRTOS/portable/MemMang/heap_4.o

.debug_abbrev   0x0000000000000000     0x243f
 .debug_abbrev  0x0000000000000000      0x232 Core/Src/main.o
 .debug_abbrev  0x0000000000000232      0x109 Core/Src/stm32f4xx_hal_msp.o
 .debug_abbrev  0x000000000000033b      0x19d Core/Src/stm32f4xx_hal_timebase_tim.o
 .debug_abbrev  0x00000000000004d8      0x15a Core/Src/stm32f4xx_it.o
 .debug_abbrev  0x0000000000000632      0x12b Core/Src/system_stm32f4xx.o
 .debug_abbrev  0x000000000000075d       0x12 Core/Startup/startup_stm32f407vgtx.o
 .debug_abbrev  0x000000000000076f      0x1c7 Drivers/STM32F4xx_HAL_Driver/Src/stm32f4xx_hal.o
 .debug_abbrev  0x0000000000000936      0x2fa Drivers/STM32F4xx_HAL_Driver/Src/stm32f4xx_hal_cortex.o
 .debug_abbrev  0x0000000000000c30      0x1c9 Drivers/STM32F4xx_HAL_Driver/Src/stm32f4xx_hal_gpio.o
 .debug_abbrev  0x0000000000000df9      0x245 Drivers/STM32F4xx_HAL_Driver/Src/stm32f4xx_hal_rcc.o
 .debug_abbrev  0x000000000000103e      0x230 Drivers/STM32F4xx_HAL_Driver/Src/stm32f4xx_hal_tim.o
 .debug_abbrev  0x000000000000126e      0x21e Drivers/STM32F4xx_HAL_Driver/Src/stm32f4xx_hal_tim_ex.o
 .debug_abbrev  0x000000000000148c      0x1cf FreeRTOS/list.o
 .debug_abbrev  0x000000000000165b      0x31c FreeRTOS/queue.o
 .debug_abbrev  0x0000000000001977      0x352 FreeRTOS/tasks.o
 .debug_abbrev  0x0000000000001cc9      0x2c8 FreeRTOS/timers.o
 .debug_abbrev  0x0000000000001f91      0x210 FreeRTOS/portable/ARM_CM4F/port.o
 .debug_abbrev  0x00000000000021a1      0x29e FreeRTOS/portable/MemMang/heap_4.o

.debug_aranges  0x0000000000000000      0xe20
 .debug_aranges
                0x0000000000000000       0x58 Core/Src/main.o
 .debug_aranges
                0x0000000000000058       0x20 Core/Src/stm32f4xx_hal_msp.o
 .debug_aranges
                0x0000000000000078       0x30 Core/Src/stm32f4xx_hal_timebase_tim.o
 .debug_aranges
                0x00000000000000a8       0x50 Core/Src/stm32f4xx_it.o
 .debug_aranges
                0x00000000000000f8       0x28 Core/Src/system_stm32f4xx.o
 .debug_aranges
                0x0000000000000120       0x28 Core/Startup/startup_stm32f407vgtx.o
 .debug_aranges
                0x0000000000000148       0xf0 Drivers/STM32F4xx_HAL_Driver/Src/stm32f4xx_hal.o
 .debug_aranges
                0x0000000000000238      0x118 Drivers/STM32F4xx_HAL_Driver/Src/stm32f4xx_hal_cortex.o
 .debug_aranges
                0x0000000000000350       0x58 Drivers/STM32F4xx_HAL_Driver/Src/stm32f4xx_hal_gpio.o
 .debug_aranges
                0x00000000000003a8       0x88 Drivers/STM32F4xx_HAL_Driver/Src/stm32f4xx_hal_rcc.o
 .debug_aranges
                0x0000000000000430      0x3a8 Drivers/STM32F4xx_HAL_Driver/Src/stm32f4xx_hal_tim.o
 .debug_aranges
                0x00000000000007d8      0x150 Drivers/STM32F4xx_HAL_Driver/Src/stm32f4xx_hal_tim_ex.o
 .debug_aranges
                0x0000000000000928       0x40 FreeRTOS/list.o
 .debug_aranges
                0x0000000000000968      0x130 FreeRTOS/queue.o
 .debug_aranges
                0x0000000000000a98      0x1e8 FreeRTOS/tasks.o
 .debug_aranges
                0x0000000000000c80       0xd0 FreeRTOS/timers.o
 .debug_aranges
                0x0000000000000d50       0x80 FreeRTOS/portable/ARM_CM4F/port.o
 .debug_aranges
                0x0000000000000dd0       0x50 FreeRTOS/portable/MemMang/heap_4.o

.debug_ranges   0x0000000000000000      0xd08
 .debug_ranges  0x0000000000000000       0x48 Core/Src/main.o
 .debug_ranges  0x0000000000000048       0x10 Core/Src/stm32f4xx_hal_msp.o
 .debug_ranges  0x0000000000000058       0x20 Core/Src/stm32f4xx_hal_timebase_tim.o
 .debug_ranges  0x0000000000000078       0x40 Core/Src/stm32f4xx_it.o
 .debug_ranges  0x00000000000000b8       0x18 Core/Src/system_stm32f4xx.o
 .debug_ranges  0x00000000000000d0       0x20 Core/Startup/startup_stm32f407vgtx.o
 .debug_ranges  0x00000000000000f0       0xe0 Drivers/STM32F4xx_HAL_Driver/Src/stm32f4xx_hal.o
 .debug_ranges  0x00000000000001d0      0x108 Drivers/STM32F4xx_HAL_Driver/Src/stm32f4xx_hal_cortex.o
 .debug_ranges  0x00000000000002d8       0x48 Drivers/STM32F4xx_HAL_Driver/Src/stm32f4xx_hal_gpio.o
 .debug_ranges  0x0000000000000320       0x78 Drivers/STM32F4xx_HAL_Driver/Src/stm32f4xx_hal_rcc.o
 .debug_ranges  0x0000000000000398      0x398 Drivers/STM32F4xx_HAL_Driver/Src/stm32f4xx_hal_tim.o
 .debug_ranges  0x0000000000000730      0x140 Drivers/STM32F4xx_HAL_Driver/Src/stm32f4xx_hal_tim_ex.o
 .debug_ranges  0x0000000000000870       0x30 FreeRTOS/list.o
 .debug_ranges  0x00000000000008a0      0x120 FreeRTOS/queue.o
 .debug_ranges  0x00000000000009c0      0x1d8 FreeRTOS/tasks.o
 .debug_ranges  0x0000000000000b98       0xc0 FreeRTOS/timers.o
 .debug_ranges  0x0000000000000c58       0x70 FreeRTOS/portable/ARM_CM4F/port.o
 .debug_ranges  0x0000000000000cc8       0x40 FreeRTOS/portable/MemMang/heap_4.o

.debug_macro    0x0000000000000000    0x211c6
 .debug_macro   0x0000000000000000      0x254 Core/Src/main.o
 .debug_macro   0x0000000000000254      0xa5a Core/Src/main.o
 .debug_macro   0x0000000000000cae      0x28e Core/Src/main.o
 .debug_macro   0x0000000000000f3c       0x2e Core/Src/main.o
 .debug_macro   0x0000000000000f6a       0x2f Core/Src/main.o
 .debug_macro   0x0000000000000f99       0x22 Core/Src/main.o
 .debug_macro   0x0000000000000fbb       0x8e Core/Src/main.o
 .debug_macro   0x0000000000001049       0x51 Core/Src/main.o
 .debug_macro   0x000000000000109a       0xef Core/Src/main.o
 .debug_macro   0x0000000000001189       0x6a Core/Src/main.o
 .debug_macro   0x00000000000011f3      0x1df Core/Src/main.o
 .debug_macro   0x00000000000013d2       0x1c Core/Src/main.o
 .debug_macro   0x00000000000013ee       0x22 Core/Src/main.o
 .debug_macro   0x0000000000001410       0xdf Core/Src/main.o
 .debug_macro   0x00000000000014ef     0x102d Core/Src/main.o
 .debug_macro   0x000000000000251c      0x11f Core/Src/main.o
 .debug_macro   0x000000000000263b    0x15e3c Core/Src/main.o
 .debug_macro   0x0000000000018477       0x43 Core/Src/main.o
 .debug_macro   0x00000000000184ba     0x3659 Core/Src/main.o
 .debug_macro   0x000000000001bb13      0x174 Core/Src/main.o
 .debug_macro   0x000000000001bc87       0x5a Core/Src/main.o
 .debug_macro   0x000000000001bce1      0x96b Core/Src/main.o
 .debug_macro   0x000000000001c64c      0x9fe Core/Src/main.o
 .debug_macro   0x000000000001d04a      0x117 Core/Src/main.o
 .debug_macro   0x000000000001d161      0x13e Core/Src/main.o
 .debug_macro   0x000000000001d29f       0x27 Core/Src/main.o
 .debug_macro   0x000000000001d2c6      0x174 Core/Src/main.o
 .debug_macro   0x000000000001d43a      0x287 Core/Src/main.o
 .debug_macro   0x000000000001d6c1       0x5f Core/Src/main.o
 .debug_macro   0x000000000001d720      0x236 Core/Src/main.o
 .debug_macro   0x000000000001d956      0x12c Core/Src/main.o
 .debug_macro   0x000000000001da82      0x21e Core/Src/main.o
 .debug_macro   0x000000000001dca0       0x2e Core/Src/main.o
 .debug_macro   0x000000000001dcce      0x11a Core/Src/main.o
 .debug_macro   0x000000000001dde8       0x7e Core/Src/main.o
 .debug_macro   0x000000000001de66       0x89 Core/Src/main.o
 .debug_macro   0x000000000001deef      0x8a0 Core/Src/main.o
 .debug_macro   0x000000000001e78f       0x47 Core/Src/main.o
 .debug_macro   0x000000000001e7d6      0x12d Core/Src/main.o
 .debug_macro   0x000000000001e903       0x28 Core/Src/main.o
 .debug_macro   0x000000000001e92b      0x106 Core/Src/main.o
 .debug_macro   0x000000000001ea31      0x15a Core/Src/main.o
 .debug_macro   0x000000000001eb8b       0xe4 Core/Src/main.o
 .debug_macro   0x000000000001ec6f       0x1c Core/Src/main.o
 .debug_macro   0x000000000001ec8b       0x26 Core/Src/main.o
 .debug_macro   0x000000000001ecb1      0x4d3 Core/Src/main.o
 .debug_macro   0x000000000001f184       0xb5 Core/Src/main.o
 .debug_macro   0x000000000001f239       0xaa Core/Src/main.o
 .debug_macro   0x000000000001f2e3       0x80 Core/Src/main.o
 .debug_macro   0x000000000001f363      0x1d3 Core/Src/stm32f4xx_hal_msp.o
 .debug_macro   0x000000000001f536      0x1c4 Core/Src/stm32f4xx_hal_timebase_tim.o
 .debug_macro   0x000000000001f6fa      0x1dd Core/Src/stm32f4xx_it.o
 .debug_macro   0x000000000001f8d7      0x1ca Core/Src/system_stm32f4xx.o
 .debug_macro   0x000000000001faa1      0x224 Drivers/STM32F4xx_HAL_Driver/Src/stm32f4xx_hal.o
 .debug_macro   0x000000000001fcc5      0x1c4 Drivers/STM32F4xx_HAL_Driver/Src/stm32f4xx_hal_cortex.o
 .debug_macro   0x000000000001fe89      0x1fa Drivers/STM32F4xx_HAL_Driver/Src/stm32f4xx_hal_gpio.o
 .debug_macro   0x0000000000020083      0x1e8 Drivers/STM32F4xx_HAL_Driver/Src/stm32f4xx_hal_rcc.o
 .debug_macro   0x000000000002026b      0x1c5 Drivers/STM32F4xx_HAL_Driver/Src/stm32f4xx_hal_tim.o
 .debug_macro   0x0000000000020430      0x1c4 Drivers/STM32F4xx_HAL_Driver/Src/stm32f4xx_hal_tim_ex.o
 .debug_macro   0x00000000000205f4      0x17a FreeRTOS/list.o
 .debug_macro   0x000000000002076e      0x209 FreeRTOS/queue.o
 .debug_macro   0x0000000000020977       0x16 FreeRTOS/queue.o
 .debug_macro   0x000000000002098d       0x20 FreeRTOS/queue.o
 .debug_macro   0x00000000000209ad      0x26c FreeRTOS/tasks.o
 .debug_macro   0x0000000000020c19       0x10 FreeRTOS/tasks.o
 .debug_macro   0x0000000000020c29      0x1cf FreeRTOS/timers.o
 .debug_macro   0x0000000000020df8       0x97 FreeRTOS/timers.o
 .debug_macro   0x0000000000020e8f      0x196 FreeRTOS/portable/ARM_CM4F/port.o
 .debug_macro   0x0000000000021025      0x1a1 FreeRTOS/portable/MemMang/heap_4.o

.debug_line     0x0000000000000000     0xad7a
 .debug_line    0x0000000000000000      0x89b Core/Src/main.o
 .debug_line    0x000000000000089b      0x685 Core/Src/stm32f4xx_hal_msp.o
 .debug_line    0x0000000000000f20      0x6b9 Core/Src/stm32f4xx_hal_timebase_tim.o
 .debug_line    0x00000000000015d9      0x70b Core/Src/stm32f4xx_it.o
 .debug_line    0x0000000000001ce4      0x6a0 Core/Src/system_stm32f4xx.o
 .debug_line    0x0000000000002384       0x85 Core/Startup/startup_stm32f407vgtx.o
 .debug_line    0x0000000000002409      0x88a Drivers/STM32F4xx_HAL_Driver/Src/stm32f4xx_hal.o
 .debug_line    0x0000000000002c93      0x9ae Drivers/STM32F4xx_HAL_Driver/Src/stm32f4xx_hal_cortex.o
 .debug_line    0x0000000000003641      0x869 Drivers/STM32F4xx_HAL_Driver/Src/stm32f4xx_hal_gpio.o
 .debug_line    0x0000000000003eaa      0x8e2 Drivers/STM32F4xx_HAL_Driver/Src/stm32f4xx_hal_rcc.o
 .debug_line    0x000000000000478c     0x1903 Drivers/STM32F4xx_HAL_Driver/Src/stm32f4xx_hal_tim.o
 .debug_line    0x000000000000608f      0xca0 Drivers/STM32F4xx_HAL_Driver/Src/stm32f4xx_hal_tim_ex.o
 .debug_line    0x0000000000006d2f      0x652 FreeRTOS/list.o
 .debug_line    0x0000000000007381      0xfa0 FreeRTOS/queue.o
 .debug_line    0x0000000000008321     0x128f FreeRTOS/tasks.o
 .debug_line    0x00000000000095b0      0x9c3 FreeRTOS/timers.o
 .debug_line    0x0000000000009f73      0x6cf FreeRTOS/portable/ARM_CM4F/port.o
 .debug_line    0x000000000000a642      0x738 FreeRTOS/portable/MemMang/heap_4.o

.debug_str      0x0000000000000000    0xcdae9
 .debug_str     0x0000000000000000    0xc4ff8 Core/Src/main.o
                                      0xc5345 (size before relaxing)
 .debug_str     0x00000000000c4ff8       0x2c Core/Src/stm32f4xx_hal_msp.o
                                      0xc0733 (size before relaxing)
 .debug_str     0x00000000000c5024      0x57b Core/Src/stm32f4xx_hal_timebase_tim.o
                                      0xc1095 (size before relaxing)
 .debug_str     0x00000000000c559f       0xa6 Core/Src/stm32f4xx_it.o
                                      0xc0acf (size before relaxing)
 .debug_str     0x00000000000c5645       0xc4 Core/Src/system_stm32f4xx.o
                                      0xc071f (size before relaxing)
 .debug_str     0x00000000000c5709       0x36 Core/Startup/startup_stm32f407vgtx.o
                                         0x7f (size before relaxing)
 .debug_str     0x00000000000c573f      0x542 Drivers/STM32F4xx_HAL_Driver/Src/stm32f4xx_hal.o
                                      0xc11ec (size before relaxing)
 .debug_str     0x00000000000c5c81      0x392 Drivers/STM32F4xx_HAL_Driver/Src/stm32f4xx_hal_cortex.o
                                      0xc0fdb (size before relaxing)
 .debug_str     0x00000000000c6013      0x20c Drivers/STM32F4xx_HAL_Driver/Src/stm32f4xx_hal_gpio.o
                                      0xc095e (size before relaxing)
 .debug_str     0x00000000000c621f      0x24f Drivers/STM32F4xx_HAL_Driver/Src/stm32f4xx_hal_rcc.o
                                      0xc0b0c (size before relaxing)
 .debug_str     0x00000000000c646e      0xd6f Drivers/STM32F4xx_HAL_Driver/Src/stm32f4xx_hal_tim.o
                                      0xc182b (size before relaxing)
 .debug_str     0x00000000000c71dd      0x4ec Drivers/STM32F4xx_HAL_Driver/Src/stm32f4xx_hal_tim_ex.o
                                      0xc102b (size before relaxing)
 .debug_str     0x00000000000c76c9     0x30d4 FreeRTOS/list.o
                                       0xa7f7 (size before relaxing)
 .debug_str     0x00000000000ca79d      0x93d FreeRTOS/queue.o
                                       0xbef9 (size before relaxing)
 .debug_str     0x00000000000cb0da     0x1b00 FreeRTOS/tasks.o
                                       0xcb94 (size before relaxing)
 .debug_str     0x00000000000ccbda      0x4fd FreeRTOS/timers.o
                                       0xc2fa (size before relaxing)
 .debug_str     0x00000000000cd0d7      0x7e0 FreeRTOS/portable/ARM_CM4F/port.o
                                       0x85bc (size before relaxing)
 .debug_str     0x00000000000cd8b7      0x232 FreeRTOS/portable/MemMang/heap_4.o
                                       0xafea (size before relaxing)

.comment        0x0000000000000000       0x7b
 .comment       0x0000000000000000       0x7b Core/Src/main.o
                                         0x7c (size before relaxing)
 .comment       0x000000000000007b       0x7c Core/Src/stm32f4xx_hal_msp.o
 .comment       0x000000000000007b       0x7c Core/Src/stm32f4xx_hal_timebase_tim.o
 .comment       0x000000000000007b       0x7c Core/Src/stm32f4xx_it.o
 .comment       0x000000000000007b       0x7c Core/Src/system_stm32f4xx.o
 .comment       0x000000000000007b       0x7c Drivers/STM32F4xx_HAL_Driver/Src/stm32f4xx_hal.o
 .comment       0x000000000000007b       0x7c Drivers/STM32F4xx_HAL_Driver/Src/stm32f4xx_hal_cortex.o
 .comment       0x000000000000007b       0x7c Drivers/STM32F4xx_HAL_Driver/Src/stm32f4xx_hal_gpio.o
 .comment       0x000000000000007b       0x7c Drivers/STM32F4xx_HAL_Driver/Src/stm32f4xx_hal_rcc.o
 .comment       0x000000000000007b       0x7c Drivers/STM32F4xx_HAL_Driver/Src/stm32f4xx_hal_tim.o
 .comment       0x000000000000007b       0x7c Drivers/STM32F4xx_HAL_Driver/Src/stm32f4xx_hal_tim_ex.o
 .comment       0x000000000000007b       0x7c FreeRTOS/list.o
 .comment       0x000000000000007b       0x7c FreeRTOS/queue.o
 .comment       0x000000000000007b       0x7c FreeRTOS/tasks.o
 .comment       0x000000000000007b       0x7c FreeRTOS/timers.o
 .comment       0x000000000000007b       0x7c FreeRTOS/portable/ARM_CM4F/port.o
 .comment       0x000000000000007b       0x7c FreeRTOS/portable/MemMang/heap_4.o

.debug_frame    0x0000000000000000     0x3a1c
 .debug_frame   0x0000000000000000      0x114 Core/Src/main.o
 .debug_frame   0x0000000000000114       0x38 Core/Src/stm32f4xx_hal_msp.o
 .debug_frame   0x000000000000014c       0x74 Core/Src/stm32f4xx_hal_timebase_tim.o
 .debug_frame   0x00000000000001c0       0xc4 Core/Src/stm32f4xx_it.o
 .debug_frame   0x0000000000000284       0x58 Core/Src/system_stm32f4xx.o
 .debug_frame   0x00000000000002dc      0x374 Drivers/STM32F4xx_HAL_Driver/Src/stm32f4xx_hal.o
 .debug_frame   0x0000000000000650      0x498 Drivers/STM32F4xx_HAL_Driver/Src/stm32f4xx_hal_cortex.o
 .debug_frame   0x0000000000000ae8      0x14c Drivers/STM32F4xx_HAL_Driver/Src/stm32f4xx_hal_gpio.o
 .debug_frame   0x0000000000000c34      0x1f0 Drivers/STM32F4xx_HAL_Driver/Src/stm32f4xx_hal_rcc.o
 .debug_frame   0x0000000000000e24     0x10f0 Drivers/STM32F4xx_HAL_Driver/Src/stm32f4xx_hal_tim.o
 .debug_frame   0x0000000000001f14      0x5c0 Drivers/STM32F4xx_HAL_Driver/Src/stm32f4xx_hal_tim_ex.o
 .debug_frame   0x00000000000024d4       0xd8 FreeRTOS/list.o
 .debug_frame   0x00000000000025ac      0x530 FreeRTOS/queue.o
 .debug_frame   0x0000000000002adc      0x854 FreeRTOS/tasks.o
 .debug_frame   0x0000000000003330      0x368 FreeRTOS/timers.o
 .debug_frame   0x0000000000003698      0x1a8 FreeRTOS/portable/ARM_CM4F/port.o
 .debug_frame   0x0000000000003840      0x108 FreeRTOS/portable/MemMang/heap_4.o
 .debug_frame   0x0000000000003948       0x2c /opt/st/stm32cubeide_1.5.1/plugins/com.st.stm32cube.ide.mcu.externaltools.gnu-tools-for-stm32.7-2018-q2-update.linux64_1.5.0.202011040924/tools/bin/../lib/gcc/arm-none-eabi/7.3.1/../../../../arm-none-eabi/lib/thumb/v7e-m/fpv4-sp/hard/libc_nano.a(lib_a-init.o)
 .debug_frame   0x0000000000003974       0x28 /opt/st/stm32cubeide_1.5.1/plugins/com.st.stm32cube.ide.mcu.externaltools.gnu-tools-for-stm32.7-2018-q2-update.linux64_1.5.0.202011040924/tools/bin/../lib/gcc/arm-none-eabi/7.3.1/../../../../arm-none-eabi/lib/thumb/v7e-m/fpv4-sp/hard/libc_nano.a(lib_a-memcpy-stub.o)
 .debug_frame   0x000000000000399c       0x20 /opt/st/stm32cubeide_1.5.1/plugins/com.st.stm32cube.ide.mcu.externaltools.gnu-tools-for-stm32.7-2018-q2-update.linux64_1.5.0.202011040924/tools/bin/../lib/gcc/arm-none-eabi/7.3.1/../../../../arm-none-eabi/lib/thumb/v7e-m/fpv4-sp/hard/libc_nano.a(lib_a-memset.o)
 .debug_frame   0x00000000000039bc       0x2c /opt/st/stm32cubeide_1.5.1/plugins/com.st.stm32cube.ide.mcu.externaltools.gnu-tools-for-stm32.7-2018-q2-update.linux64_1.5.0.202011040924/tools/bin/../lib/gcc/arm-none-eabi/7.3.1/thumb/v7e-m/fpv4-sp/hard/libgcc.a(_aeabi_uldivmod.o)
 .debug_frame   0x00000000000039e8       0x34 /opt/st/stm32cubeide_1.5.1/plugins/com.st.stm32cube.ide.mcu.externaltools.gnu-tools-for-stm32.7-2018-q2-update.linux64_1.5.0.202011040924/tools/bin/../lib/gcc/arm-none-eabi/7.3.1/thumb/v7e-m/fpv4-sp/hard/libgcc.a(_udivmoddi4.o)
